[INFO] Scanning for projects...
[WARNING] 
[WARNING] Some problems were encountered while building the effective model for com.bmad.edge:bmad-edge-gateway:jar:0.0.1-SNAPSHOT
[WARNING] 'dependencies.dependency.(groupId:artifactId:type:classifier)' must be unique: org.springframework.boot:spring-boot-starter-data-redis:jar -> duplicate declaration of version (?) @ line 66, column 21
[WARNING] 
[WARNING] It is highly recommended to fix these problems because they threaten the stability of your build.
[WARNING] 
[WARNING] For this reason, future Maven versions might no longer support building such malformed projects.
[WARNING] 
[INFO] 
[INFO] ------------------< com.bmad.edge:bmad-edge-gateway >-------------------
[INFO] Building bmad-edge-gateway 0.0.1-SNAPSHOT
[INFO]   from pom.xml
[INFO] --------------------------------[ jar ]---------------------------------
[INFO] 
[INFO] --- resources:3.3.1:resources (default-resources) @ bmad-edge-gateway ---
[INFO] Copying 1 resource from src\main\resources to target\classes
[INFO] Copying 2 resources from src\main\resources to target\classes
[INFO] 
[INFO] --- compiler:3.11.0:compile (default-compile) @ bmad-edge-gateway ---
[INFO] Nothing to compile - all classes are up to date
[INFO] 
[INFO] --- resources:3.3.1:testResources (default-testResources) @ bmad-edge-gateway ---
[INFO] skip non existing resourceDirectory D:\WorkSpace\ai\Antigravity\bmad-test\backend\src\test\resources
[INFO] 
[INFO] --- compiler:3.11.0:testCompile (default-testCompile) @ bmad-edge-gateway ---
[INFO] Nothing to compile - all classes are up to date
[INFO] 
[INFO] --- surefire:3.1.2:test (default-test) @ bmad-edge-gateway ---
[INFO] Using auto detected provider org.apache.maven.surefire.junitplatform.JUnitPlatformProvider
[INFO] 
[INFO] -------------------------------------------------------
[INFO]  T E S T S
[INFO] -------------------------------------------------------
[INFO] Running com.bmad.edge.DashboardIntegrationTest
23:59:14.541 [main] INFO org.springframework.test.context.support.AnnotationConfigContextLoaderUtils -- Could not detect default configuration classes for test class [com.bmad.edge.DashboardIntegrationTest]: DashboardIntegrationTest does not declare any static, non-private, non-final, nested classes annotated with @Configuration.
23:59:14.750 [main] INFO org.springframework.boot.test.context.SpringBootTestContextBootstrapper -- Found @SpringBootConfiguration com.bmad.edge.BackendApplication for test class com.bmad.edge.DashboardIntegrationTest

  .   ____          _            __ _ _
 /\\ / ___'_ __ _ _(_)_ __  __ _ \ \ \ \
( ( )\___ | '_ | '_| | '_ \/ _` | \ \ \ \
 \\/  ___)| |_)| | | | | || (_| |  ) ) ) )
  '  |____| .__|_| |_|_| |_\__, | / / / /
 =========|_|==============|___/=/_/_/_/
 :: Spring Boot ::               (v3.2.10)

2026-03-03T23:59:15.583+08:00  INFO 5728 --- [bmad-edge-gateway] [           main] com.bmad.edge.DashboardIntegrationTest   : Starting DashboardIntegrationTest using Java 17.0.12 with PID 5728 (started by work in D:\WorkSpace\ai\Antigravity\bmad-test\backend)
2026-03-03T23:59:15.585+08:00  INFO 5728 --- [bmad-edge-gateway] [           main] com.bmad.edge.DashboardIntegrationTest   : No active profile set, falling back to 1 default profile: "default"
2026-03-03T23:59:17.894+08:00  INFO 5728 --- [bmad-edge-gateway] [           main] .s.d.r.c.RepositoryConfigurationDelegate : Multiple Spring Data modules found, entering strict repository configuration mode
2026-03-03T23:59:17.899+08:00  INFO 5728 --- [bmad-edge-gateway] [           main] .s.d.r.c.RepositoryConfigurationDelegate : Bootstrapping Spring Data Redis repositories in DEFAULT mode.
2026-03-03T23:59:17.954+08:00  INFO 5728 --- [bmad-edge-gateway] [           main] .s.d.r.c.RepositoryConfigurationDelegate : Finished Spring Data repository scanning in 22 ms. Found 0 Redis repository interfaces.
2026-03-03T23:59:19.852+08:00  INFO 5728 --- [bmad-edge-gateway] [           main] com.zaxxer.hikari.HikariDataSource       : HikariPool-1 - Starting...
2026-03-03T23:59:20.319+08:00  INFO 5728 --- [bmad-edge-gateway] [           main] com.zaxxer.hikari.pool.HikariPool        : HikariPool-1 - Added connection conn0: url=jdbc:h2:mem:bmad_test user=SA
2026-03-03T23:59:20.322+08:00  INFO 5728 --- [bmad-edge-gateway] [           main] com.zaxxer.hikari.HikariDataSource       : HikariPool-1 - Start completed.
Logging initialized using 'class org.apache.ibatis.logging.stdout.StdOutImpl' adapter.
Initialization Sequence datacenterId:9 workerId:1
 _ _   |_  _ _|_. ___ _ |    _ 
| | |\/|_)(_| | |_\  |_)||_|_\ 
     /               |         
                        3.5.5 
2026-03-03T23:59:22.045+08:00  WARN 5728 --- [bmad-edge-gateway] [           main] .s.s.UserDetailsServiceAutoConfiguration : 

Using generated security password: e70c6330-800c-4579-96ca-9ae7cd3eba25

This generated password is for development use only. Your security configuration must be updated before running your application in production.

2026-03-03T23:59:24.388+08:00  INFO 5728 --- [bmad-edge-gateway] [           main] o.s.b.a.e.web.EndpointLinksResolver      : Exposing 2 endpoint(s) beneath base path ''
2026-03-03T23:59:24.614+08:00  INFO 5728 --- [bmad-edge-gateway] [           main] o.s.s.web.DefaultSecurityFilterChain     : Will secure any request with [org.springframework.security.web.session.DisableEncodeUrlFilter@544e6b, org.springframework.security.web.context.request.async.WebAsyncManagerIntegrationFilter@5b430541, org.springframework.security.web.context.SecurityContextHolderFilter@640a6d4b, org.springframework.security.web.header.HeaderWriterFilter@73c09a98, org.springframework.security.web.authentication.logout.LogoutFilter@47994b51, com.bmad.edge.security.JwtAuthenticationFilter@65a66a75, org.springframework.security.web.savedrequest.RequestCacheAwareFilter@35b58254, org.springframework.security.web.servletapi.SecurityContextHolderAwareRequestFilter@6a562255, org.springframework.security.web.authentication.AnonymousAuthenticationFilter@5a07ae2f, org.springframework.security.web.session.SessionManagementFilter@182dcd2b, org.springframework.security.web.access.ExceptionTranslationFilter@8dcacf1, org.springframework.security.web.access.intercept.AuthorizationFilter@72b53f27]
2026-03-03T23:59:25.749+08:00  INFO 5728 --- [bmad-edge-gateway] [           main] com.bmad.edge.DashboardIntegrationTest   : Started DashboardIntegrationTest in 10.714 seconds (process running for 12.528)
2026-03-03T23:59:28.214+08:00  WARN 5728 --- [bmad-edge-gateway] [           main] com.bmad.edge.service.DashboardService   : 瓒婃潈鎴栨棤瀹忚瑙嗚瑙掕壊灏濊瘯璁块棶鐑姏鍥惧ぇ灞忥細ROLE_DISTRICT_DIRECTOR
No Cache Fallback 娴嬭瘯鎴愬姛锛佹嬁鍒扮┖鏁版嵁闆? {}
2026-03-03T23:59:28.263+08:00  WARN 5728 --- [bmad-edge-gateway] [           main] com.bmad.edge.service.DashboardService   : 瓒婃潈鎴栨棤瀹忚瑙嗚瑙掕壊灏濊瘯璁块棶鐑姏鍥惧ぇ灞忥細ROLE_CITY_ADMIN
2026-03-03T23:59:28.297+08:00  WARN 5728 --- [bmad-edge-gateway] [           main] com.bmad.edge.service.DashboardService   : 瓒婃潈鎴栨棤瀹忚瑙嗚瑙掕壊灏濊瘯璁块棶鐑姏鍥惧ぇ灞忥細ROLE_DISTRICT_DIRECTOR
[ERROR] Tests run: 3, Failures: 2, Errors: 0, Skipped: 0, Time elapsed: 14.08 s <<< FAILURE! -- in com.bmad.edge.DashboardIntegrationTest
[ERROR] com.bmad.edge.DashboardIntegrationTest.testCityAdminAccess -- Time elapsed: 0.029 s <<< FAILURE!
org.opentest4j.AssertionFailedError: expected: <0.08> but was: <0.0>
	at org.junit.jupiter.api.AssertionFailureBuilder.build(AssertionFailureBuilder.java:151)
	at org.junit.jupiter.api.AssertionFailureBuilder.buildAndThrow(AssertionFailureBuilder.java:132)
	at org.junit.jupiter.api.AssertEquals.failNotEqual(AssertEquals.java:197)
	at org.junit.jupiter.api.AssertEquals.assertEquals(AssertEquals.java:182)
	at org.junit.jupiter.api.AssertEquals.assertEquals(AssertEquals.java:177)
	at org.junit.jupiter.api.Assertions.assertEquals(Assertions.java:898)
	at com.bmad.edge.DashboardIntegrationTest.testCityAdminAccess(DashboardIntegrationTest.java:44)
	at java.base/java.lang.reflect.Method.invoke(Method.java:568)
	at java.base/java.util.ArrayList.forEach(ArrayList.java:1511)
	at java.base/java.util.ArrayList.forEach(ArrayList.java:1511)

[ERROR] com.bmad.edge.DashboardIntegrationTest.testDistrictDirectorAccess -- Time elapsed: 0.023 s <<< FAILURE!
org.opentest4j.AssertionFailedError: expected: <0.02> but was: <0.0>
	at org.junit.jupiter.api.AssertionFailureBuilder.build(AssertionFailureBuilder.java:151)
	at org.junit.jupiter.api.AssertionFailureBuilder.buildAndThrow(AssertionFailureBuilder.java:132)
	at org.junit.jupiter.api.AssertEquals.failNotEqual(AssertEquals.java:197)
	at org.junit.jupiter.api.AssertEquals.assertEquals(AssertEquals.java:182)
	at org.junit.jupiter.api.AssertEquals.assertEquals(AssertEquals.java:177)
	at org.junit.jupiter.api.Assertions.assertEquals(Assertions.java:898)
	at com.bmad.edge.DashboardIntegrationTest.testDistrictDirectorAccess(DashboardIntegrationTest.java:53)
	at java.base/java.lang.reflect.Method.invoke(Method.java:568)
	at java.base/java.util.ArrayList.forEach(ArrayList.java:1511)
	at java.base/java.util.ArrayList.forEach(ArrayList.java:1511)

[INFO] 
[INFO] Results:
[INFO] 
[ERROR] Failures: 
[ERROR]   DashboardIntegrationTest.testCityAdminAccess:44 expected: <0.08> but was: <0.0>
[ERROR]   DashboardIntegrationTest.testDistrictDirectorAccess:53 expected: <0.02> but was: <0.0>
[INFO] 
[ERROR] Tests run: 3, Failures: 2, Errors: 0, Skipped: 0
[INFO] 
[INFO] ------------------------------------------------------------------------
[INFO] BUILD FAILURE
[INFO] ------------------------------------------------------------------------
[INFO] Total time:  19.433 s
[INFO] Finished at: 2026-03-03T23:59:28+08:00
[INFO] ------------------------------------------------------------------------
[ERROR] Failed to execute goal org.apache.maven.plugins:maven-surefire-plugin:3.1.2:test (default-test) on project bmad-edge-gateway: There are test failures.
[ERROR] 
[ERROR] Please refer to D:\WorkSpace\ai\Antigravity\bmad-test\backend\target\surefire-reports for the individual test results.
[ERROR] Please refer to dump files (if any exist) [date].dump, [date]-jvmRun[N].dump and [date].dumpstream.
[ERROR] -> [Help 1]
[ERROR] 
[ERROR] To see the full stack trace of the errors, re-run Maven with the -e switch.
[ERROR] Re-run Maven using the -X switch to enable full debug logging.
[ERROR] 
[ERROR] For more information about the errors and possible solutions, please read the following articles:
[ERROR] [Help 1] http://cwiki.apache.org/confluence/display/MAVEN/MojoFailureException
